
---
12:33:56 PM Space nucleus v1.18 started at rmi://localhost/space
12:33:56 PM Landlord v1.8 here...
12:33:56 PM Notify handler v1.10 here...

---
12:34:18 PM Space nucleus v1.18 started at rmi://localhost/space
12:34:18 PM Landlord v1.8 here...
12:34:18 PM Notify handler v1.10 here...

---
12:34:32 PM Space nucleus v1.18 started at rmi://localhost/space
12:34:32 PM Landlord v1.8 here...
12:34:32 PM Notify handler v1.10 here...

---
12:34:41 PM Space nucleus v1.18 started at rmi://localhost/space
12:34:41 PM Landlord v1.8 here...
12:34:41 PM Notify handler v1.10 here...

---
12:34:57 PM Space nucleus v1.18 started at rmi://localhost/space
12:34:57 PM Landlord v1.8 here...
12:34:57 PM Notify handler v1.10 here...

---
12:50:43 PM Space nucleus v1.18 started at rmi://localhost/space
12:50:43 PM Landlord v1.8 here...
12:50:43 PM Notify handler v1.10 here...

---
10:58:50 AM Space nucleus v1.18 started at rmi://localhost/space
10:58:50 AM Landlord v1.8 here...
10:58:50 AM Notify handler v1.10 here...

---
11:02:22 AM Space nucleus v1.18 started at rmi://localhost/space
11:02:22 AM Landlord v1.8 here...
11:02:22 AM Notify handler v1.10 here...

---
11:03:31 AM Space nucleus v1.18 started at rmi://localhost/space
11:03:31 AM Landlord v1.8 here...
11:03:31 AM Notify handler v1.10 here...

---
11:04:01 AM Space nucleus v1.18 started at rmi://localhost/space
11:04:01 AM Landlord v1.8 here...
11:04:01 AM Notify handler v1.10 here...

---
02:48:29 PM Space nucleus v1.18 started at rmi://localhost/space
02:48:29 PM Landlord v1.8 here...
02:48:29 PM Notify handler v1.10 here...

---
02:50:56 PM Space nucleus v1.18 started at rmi://localhost/space
02:50:56 PM Landlord v1.8 here...
02:50:56 PM Notify handler v1.10 here...

---
09:05:36 PM Space nucleus v1.18 started at rmi://localhost/space
09:05:36 PM Landlord v1.8 here...
09:05:36 PM Notify handler v1.10 here...

---
07:47:47 AM Space nucleus v1.18 started at rmi://localhost/space
07:47:47 AM Landlord v1.8 here...
07:47:47 AM Notify handler v1.10 here...

---
03:35:38 pm Space nucleus v1.18 started at rmi://localhost/space
03:35:38 pm Landlord v1.8 here...
03:35:38 pm Notify handler v1.10 here...

---
03:42:06 pm Space nucleus v1.18 started at rmi://localhost/space
03:42:06 pm Landlord v1.8 here...
03:42:06 pm Notify handler v1.10 here...

---
04:44:58 pm Space nucleus v1.18 started at rmi://localhost/space
04:44:58 pm Landlord v1.8 here...
04:44:58 pm Notify handler v1.10 here...

---
04:45:11 pm Space nucleus v1.18 started at rmi://localhost/space
04:45:11 pm Landlord v1.8 here...
04:45:11 pm Notify handler v1.10 here...

---
05:02:51 pm Space nucleus v1.18 started at rmi://localhost/space
05:02:51 pm Landlord v1.8 here...
05:02:51 pm Notify handler v1.10 here...

---
04:12:03 pm Space nucleus v1.18 started at rmi://localhost/space
04:12:03 pm Landlord v1.8 here...
04:12:03 pm Notify handler v1.10 here...
