
---
04:57:58 pm Space nucleus v1.18 started at rmi://localhost/space
04:57:58 pm Landlord v1.8 here...
04:57:58 pm Notify handler v1.10 here...

---
04:58:14 pm Space nucleus v1.18 started at rmi://localhost/space
04:58:14 pm Landlord v1.8 here...
04:58:14 pm Notify handler v1.10 here...

---
05:04:14 pm Space nucleus v1.18 started at rmi://localhost/space
05:04:14 pm Landlord v1.8 here...
05:04:14 pm Notify handler v1.10 here...

---
05:06:45 pm Space nucleus v1.18 started at rmi://localhost/space
05:06:45 pm Landlord v1.8 here...
05:06:45 pm Notify handler v1.10 here...

---
05:07:26 pm Space nucleus v1.18 started at rmi://localhost/space
05:07:26 pm Landlord v1.8 here...
05:07:26 pm Notify handler v1.10 here...

---
05:07:58 pm Space nucleus v1.18 started at rmi://localhost/space
05:07:58 pm Landlord v1.8 here...
05:07:58 pm Notify handler v1.10 here...

---
05:08:11 pm Space nucleus v1.18 started at rmi://localhost/space
05:08:11 pm Landlord v1.8 here...
05:08:11 pm Notify handler v1.10 here...

---
05:08:40 pm Space nucleus v1.18 started at rmi://localhost/space
05:08:40 pm Landlord v1.8 here...
05:08:40 pm Notify handler v1.10 here...

---
09:17:21 pm Space nucleus v1.18 started at rmi://localhost/space
09:17:21 pm Landlord v1.8 here...
09:17:21 pm Notify handler v1.10 here...

---
09:17:42 pm Space nucleus v1.18 started at rmi://localhost/space
09:17:42 pm Landlord v1.8 here...
09:17:42 pm Notify handler v1.10 here...

---
09:21:54 pm Space nucleus v1.18 started at rmi://localhost/space
09:21:54 pm Landlord v1.8 here...
09:21:54 pm Notify handler v1.10 here...

---
09:22:11 pm Space nucleus v1.18 started at rmi://localhost/space
09:22:11 pm Notify handler v1.10 here...
09:22:11 pm Landlord v1.8 here...

---
09:26:38 pm Space nucleus v1.18 started at rmi://localhost/space
09:26:38 pm Landlord v1.8 here...
09:26:38 pm Notify handler v1.10 here...

---
09:26:52 pm Space nucleus v1.18 started at rmi://localhost/space
09:26:52 pm Notify handler v1.10 here...
09:26:52 pm Landlord v1.8 here...

---
10:52:26 am Space nucleus v1.18 started at rmi://localhost/space
10:52:26 am Landlord v1.8 here...
10:52:26 am Notify handler v1.10 here...

---
10:53:03 am Space nucleus v1.18 started at rmi://localhost/space
10:53:03 am Notify handler v1.10 here...
10:53:03 am Landlord v1.8 here...

---
12:19:52 pm Space nucleus v1.18 started at rmi://localhost/space
12:19:52 pm Landlord v1.8 here...
12:19:52 pm Notify handler v1.10 here...

---
12:20:04 pm Space nucleus v1.18 started at rmi://localhost/space
12:20:04 pm Landlord v1.8 here...
12:20:04 pm Notify handler v1.10 here...

---
12:39:51 pm Space nucleus v1.18 started at rmi://localhost/space
12:39:51 pm Landlord v1.8 here...
12:39:51 pm Notify handler v1.10 here...

---
12:40:05 pm Space nucleus v1.18 started at rmi://localhost/space
12:40:05 pm Landlord v1.8 here...
12:40:05 pm Notify handler v1.10 here...

---
12:40:31 pm Space nucleus v1.18 started at rmi://localhost/space
12:40:31 pm Landlord v1.8 here...
12:40:31 pm Notify handler v1.10 here...

---
12:40:47 pm Space nucleus v1.18 started at rmi://localhost/space
12:40:47 pm Notify handler v1.10 here...
12:40:47 pm Landlord v1.8 here...

---
12:41:11 pm Space nucleus v1.18 started at rmi://localhost/space
12:41:11 pm Notify handler v1.10 here...
12:41:11 pm Landlord v1.8 here...

---
12:43:41 pm Space nucleus v1.18 started at rmi://localhost/space
12:43:41 pm Landlord v1.8 here...
12:43:41 pm Notify handler v1.10 here...
