
---
09:39:23 AM Space nucleus v1.18 started at rmi://localhost/space
09:39:23 AM Landlord v1.8 here...
09:39:23 AM Notify handler v1.10 here...

---
12:39:21 PM Space nucleus v1.18 started at rmi://localhost/space
12:39:21 PM Landlord v1.8 here...
12:39:21 PM Notify handler v1.10 here...

---
12:46:26 PM Space nucleus v1.18 started at rmi://localhost/space
12:46:26 PM Landlord v1.8 here...
12:46:26 PM Notify handler v1.10 here...

---
12:50:06 PM Space nucleus v1.18 started at rmi://localhost/space
12:50:06 PM Landlord v1.8 here...
12:50:06 PM Notify handler v1.10 here...

---
12:50:51 PM Space nucleus v1.18 started at rmi://localhost/space
12:50:51 PM Landlord v1.8 here...
12:50:51 PM Notify handler v1.10 here...

---
12:51:11 PM Space nucleus v1.18 started at rmi://localhost/space
12:51:11 PM Landlord v1.8 here...
12:51:11 PM Notify handler v1.10 here...

---
10:25:15 AM Space nucleus v1.18 started at rmi://localhost/space
10:25:15 AM Landlord v1.8 here...
10:25:15 AM Notify handler v1.10 here...

---
10:38:46 AM Space nucleus v1.18 started at rmi://localhost/space
10:38:46 AM Landlord v1.8 here...
10:38:46 AM Notify handler v1.10 here...

---
10:44:00 AM Space nucleus v1.18 started at rmi://localhost/space
10:44:00 AM Notify handler v1.10 here...
10:44:00 AM Landlord v1.8 here...

---
10:46:07 AM Space nucleus v1.18 started at rmi://localhost/space
10:46:07 AM Landlord v1.8 here...
10:46:07 AM Notify handler v1.10 here...

---
10:49:07 AM Space nucleus v1.18 started at rmi://localhost/space
10:49:07 AM Notify handler v1.10 here...
10:49:07 AM Landlord v1.8 here...

---
10:50:52 AM Space nucleus v1.18 started at rmi://localhost/space
10:50:52 AM Landlord v1.8 here...
10:50:52 AM Notify handler v1.10 here...

---
10:58:18 AM Space nucleus v1.18 started at rmi://localhost/space
10:58:18 AM Landlord v1.8 here...
10:58:18 AM Notify handler v1.10 here...

---
10:59:00 AM Space nucleus v1.18 started at rmi://localhost/space
10:59:00 AM Landlord v1.8 here...
10:59:00 AM Notify handler v1.10 here...

---
11:04:14 AM Space nucleus v1.18 started at rmi://localhost/space
11:04:14 AM Landlord v1.8 here...
11:04:14 AM Notify handler v1.10 here...

---
02:48:35 PM Space nucleus v1.18 started at rmi://localhost/space
02:48:35 PM Landlord v1.8 here...
02:48:35 PM Notify handler v1.10 here...

---
02:51:01 PM Space nucleus v1.18 started at rmi://localhost/space
02:51:01 PM Landlord v1.8 here...
02:51:01 PM Notify handler v1.10 here...

---
05:32:53 PM Space nucleus v1.18 started at rmi://localhost/space
05:32:53 PM Landlord v1.8 here...
05:32:53 PM Notify handler v1.10 here...

---
05:42:56 PM Space nucleus v1.18 started at rmi://localhost/space
05:42:56 PM Landlord v1.8 here...
05:42:56 PM Notify handler v1.10 here...

---
05:46:25 PM Space nucleus v1.18 started at rmi://localhost/space
05:46:25 PM Landlord v1.8 here...
05:46:25 PM Notify handler v1.10 here...

---
05:48:27 PM Space nucleus v1.18 started at rmi://localhost/space
05:48:27 PM Landlord v1.8 here...
05:48:27 PM Notify handler v1.10 here...

---
05:57:57 PM Space nucleus v1.18 started at rmi://localhost/space
05:57:57 PM Landlord v1.8 here...
05:57:57 PM Notify handler v1.10 here...

---
06:14:29 PM Space nucleus v1.18 started at rmi://localhost/space
06:14:29 PM Landlord v1.8 here...
06:14:29 PM Notify handler v1.10 here...

---
09:05:41 PM Space nucleus v1.18 started at rmi://localhost/space
09:05:41 PM Landlord v1.8 here...
09:05:41 PM Notify handler v1.10 here...

---
07:47:54 AM Space nucleus v1.18 started at rmi://localhost/space
07:47:54 AM Landlord v1.8 here...
07:47:54 AM Notify handler v1.10 here...

---
03:43:08 pm Space nucleus v1.18 started at rmi://localhost/space
03:43:08 pm Landlord v1.8 here...
03:43:08 pm Notify handler v1.10 here...

---
03:44:59 pm Space nucleus v1.18 started at rmi://localhost/space
03:44:59 pm Landlord v1.8 here...
03:44:59 pm Notify handler v1.10 here...

---
03:52:03 pm Space nucleus v1.18 started at rmi://localhost/space
03:52:03 pm Landlord v1.8 here...
03:52:03 pm Notify handler v1.10 here...

---
04:44:05 pm Space nucleus v1.18 started at rmi://localhost/space
04:44:05 pm Landlord v1.8 here...
04:44:05 pm Notify handler v1.10 here...

---
04:45:25 pm Space nucleus v1.18 started at rmi://localhost/space
04:45:25 pm Landlord v1.8 here...
04:45:25 pm Notify handler v1.10 here...

---
04:45:47 pm Space nucleus v1.18 started at rmi://localhost/space
04:45:47 pm Landlord v1.8 here...
04:45:47 pm Notify handler v1.10 here...

---
04:47:11 pm Space nucleus v1.18 started at rmi://localhost/space
04:47:11 pm Landlord v1.8 here...
04:47:11 pm Notify handler v1.10 here...

---
04:51:15 pm Space nucleus v1.18 started at rmi://localhost/space
04:51:15 pm Notify handler v1.10 here...
04:51:15 pm Landlord v1.8 here...

---
04:56:17 pm Space nucleus v1.18 started at rmi://localhost/space
04:56:17 pm Landlord v1.8 here...
04:56:17 pm Notify handler v1.10 here...

---
04:57:16 pm Space nucleus v1.18 started at rmi://localhost/space
04:57:16 pm Landlord v1.8 here...
04:57:16 pm Notify handler v1.10 here...

---
04:59:24 pm Space nucleus v1.18 started at rmi://localhost/space
04:59:24 pm Landlord v1.8 here...
04:59:24 pm Notify handler v1.10 here...

---
05:03:00 pm Space nucleus v1.18 started at rmi://localhost/space
05:03:00 pm Landlord v1.8 here...
05:03:00 pm Notify handler v1.10 here...

---
06:56:08 pm Space nucleus v1.18 started at rmi://localhost/space
06:56:08 pm Landlord v1.8 here...
06:56:08 pm Notify handler v1.10 here...
